====================================================
CHAIN OF CUSTODY LOG
Incident: INC-2026-001
====================================================

UTC Timestamp:
2026-08-07T22:35:58Z

Analyst:
Iris Patricia Zúñiga Gómez

Purpose:
Registro de integridad criptográfica de evidencias
generadas durante respuesta a incidente AWS.

====================================================


UTC Timestamp:
2026-08-07T22:35:58Z

Analyst:
Iris Patricia Zúñiga Gómez

Artifact:
docs/incident-response/IR-PLAYBOOK-T0200.md

SHA256:
3ba98f93f33a8f7e3a6d12013f53a652b6a4f12de7f8ef860c57edd95f7737f7

Action:
Evidence integrity hash generated and recorded.

----------------------------------------------------


UTC Timestamp:
2026-08-07T22:35:58Z

Analyst:
Iris Patricia Zúñiga Gómez

Artifact:
docs/incident-response/MITRE-ATTACK-MAP.md

SHA256:
6a956a6e9c3bff111dacb8cbf8808d534e68db26ecbcd52a4d73bc6b22b1c595

Action:
Evidence integrity hash generated and recorded.

----------------------------------------------------


UTC Timestamp:
2026-08-07T22:35:58Z

Analyst:
Iris Patricia Zúñiga Gómez

Artifact:
docs/incident-response/RCA-INCIDENT-2026.md

SHA256:
bbe08718c3ed0b6715d203759696a4a61889892482000f923d97b593c5d706e1

Action:
Evidence integrity hash generated and recorded.

----------------------------------------------------


UTC Timestamp:
2026-08-07T22:35:58Z

Analyst:
Iris Patricia Zúñiga Gómez

Artifact:
docs/incident-response/CEO-EXECUTIVE-REPORT.md

SHA256:
38195150833704d7c71253c13a3b7f961235a39315a509a56d5c93cf569449e4

Action:
Evidence integrity hash generated and recorded.

----------------------------------------------------

